[root@archlinux bunyod-tour]# pm2 logs --lines 500 | grep -i payler
0|bunyod-t | 2025-10-27T14:37:12: ‚ùå Payler StartSession failed: 403 Forbidden
0|bunyod-t | 2025-10-27T14:58:24: ‚ùå Payler StartSession failed: 403 Forbidden
0|bunyod-t | 2025-10-27T14:58:27: ‚ùå Payler StartSession failed: 403 Forbidden
0|bunyod-t | 2025-10-27T15:15:13: ‚ùå Payler StartSession failed: 403 Forbidden
0|bunyod-t | 2025-10-27T15:17:45: ‚ùå Payler StartSession failed: 403 Forbidden
0|bunyod-t | 2025-10-27T15:18:00: ‚ùå Payler StartSession failed: 403 Forbidden
0|bunyod-t | 2025-10-28T22:17:34: ‚ùå Payler createPayment error: AxiosError: getaddrinfo ENOTFOUND secure.payler.com
0|bunyod-t | 2025-10-28T22:17:34:     at async createPayment (/srv/bunyod-tour/dist/controllers/paylerController.js:58:30) {
0|bunyod-t | 2025-10-28T22:17:34:   hostname: 'secure.payler.com',
0|bunyod-t | 2025-10-28T22:17:34:     url: 'https://secure.payler.com/gapi/StartSession',
0|bunyod-t | 2025-10-28T22:17:34:       hostname: 'secure.payler.com',
0|bunyod-t | 2025-10-28T22:17:34:         'Host: secure.payler.com\r\n' +
0|bunyod-t | 2025-10-28T22:17:34:       host: 'secure.payler.com',
0|bunyod-t | 2025-10-28T22:17:34:     _currentUrl: 'https://secure.payler.com/gapi/StartSession',
0|bunyod-t | 2025-10-28T22:17:34:   cause: Error: getaddrinfo ENOTFOUND secure.payler.com
0|bunyod-t | 2025-10-28T22:17:34:     hostname: 'secure.payler.com'
0|bunyod-t | 2025-10-28T22:34:59: ‚ùå Payler StartSession failed: 400 Bad Request
0|bunyod-t | 2025-10-28T22:35:05: ‚ùå Payler StartSession failed: 400 Bad Request
0|bunyod-t | 2025-10-28T23:01:38: ‚ùå Payler StartSession failed: 400 Bad Request
0|bunyod-t | 2025-10-28T22:34:59: üîÑ Creating Payler payment: Order 24, Amount 121800 –¥–∏—Ä–∞–º–æ–≤ (1218 TJS)
0|bunyod-t | 2025-10-28T22:34:59: üì§ Payler request: {
0|bunyod-t | 2025-10-28T22:34:59: üì• Payler response status: 400 Bad Request
0|bunyod-t | 2025-10-28T22:34:59: üì• Payler response body: {"error":{"code":3,"message":"–†–∞–Ω–µ–µ —Å–æ–∑–¥–∞–Ω –∑–∞–∫–∞–∑ —Å —É–∫–∞–∑–∞–Ω–Ω—ã–º –∏–¥–µ–Ω—Ç–∏—Ñ–∏–∫–∞—Ç–æ—Ä–æ–º: 24"}}
0|bunyod-t | 2025-10-28T22:35:05: üîÑ Creating Payler payment: Order 25, Amount 121800 –¥–∏—Ä–∞–º–æ–≤ (1218 TJS)
0|bunyod-t | 2025-10-28T22:35:05: üì§ Payler request: {
0|bunyod-t | 2025-10-28T22:35:05: üì• Payler response status: 400 Bad Request
0|bunyod-t | 2025-10-28T22:35:05: üì• Payler response body: {"error":{"code":3,"message":"–†–∞–Ω–µ–µ —Å–æ–∑–¥–∞–Ω –∑–∞–∫–∞–∑ —Å —É–∫–∞–∑–∞–Ω–Ω—ã–º –∏–¥–µ–Ω—Ç–∏—Ñ–∏–∫–∞—Ç–æ—Ä–æ–º: 25"}}
0|bunyod-t | 2025-10-28T23:01:36: üîÑ Creating Payler payment: Order 26, Amount 121800 –¥–∏—Ä–∞–º–æ–≤ (1218 TJS)
0|bunyod-t | 2025-10-28T23:01:36: üì§ Payler request: {
0|bunyod-t | 2025-10-28T23:01:38: üì• Payler response status: 400 Bad Request
0|bunyod-t | 2025-10-28T23:01:38: üì• Payler response body: {"error":{"code":3,"message":"–†–∞–Ω–µ–µ —Å–æ–∑–¥–∞–Ω –∑–∞–∫–∞–∑ —Å —É–∫–∞–∑–∞–Ω–Ω—ã–º –∏–¥–µ–Ω—Ç–∏—Ñ–∏–∫–∞—Ç–æ—Ä–æ–º: 26"}}
^C
[root@archlinux bunyod-tour]# pm2 logs --lines 500 | grep -i alif
0|bunyod-t | 2025-10-28T22:20:23: üîÑ AlifPay Legacy callback received: { orderId: '23', status: 'ok', transactionId: '101704657' }
^C
[root@archlinux bunyod-tour]# # –ü—Ä–æ–≤–µ—Ä–∫–∞ DNS —Ä–µ–∑–æ–ª–≤–∞ –¥–ª—è Payler
nslookup secure.payler.com

# –ê–ª—å—Ç–µ—Ä–Ω–∞—Ç–∏–≤–Ω–∞—è –ø—Ä–æ–≤–µ—Ä–∫–∞
dig secure.payler.com

# –ü—Ä–æ–≤–µ—Ä–∫–∞ –∏–Ω—Ç–µ—Ä–Ω–µ—Ç —Å–æ–µ–¥–∏–Ω–µ–Ω–∏—è
ping -c 4 8.8.8.8

# –ü—Ä–æ–≤–µ—Ä–∫–∞ DNS —á–µ—Ä–µ–∑ curl
curl -v https://secure.payler.com
-bash: nslookup: command not found
-bash: dig: command not found
PING 8.8.8.8 (8.8.8.8) 56(84) bytes of data.
64 bytes from 8.8.8.8: icmp_seq=1 ttl=108 time=17.0 ms
64 bytes from 8.8.8.8: icmp_seq=2 ttl=108 time=11.8 ms
64 bytes from 8.8.8.8: icmp_seq=3 ttl=108 time=11.8 ms
64 bytes from 8.8.8.8: icmp_seq=4 ttl=108 time=11.8 ms

--- 8.8.8.8 ping statistics ---
4 packets transmitted, 4 received, 0% packet loss, time 3006ms
rtt min/avg/max/mdev = 11.827/13.136/17.044/2.256 ms
* Host secure.payler.com:443 was resolved.
* IPv6: (none)
* IPv4: 178.248.236.144
*   Trying 178.248.236.144:443...
* ALPN: curl offers h2,http/1.1
* TLSv1.3 (OUT), TLS handshake, Client hello (1):
*  CAfile: /etc/ssl/certs/ca-certificates.crt
*  CApath: none
* TLSv1.3 (IN), TLS handshake, Server hello (2):
* TLSv1.2 (IN), TLS handshake, Certificate (11):
* TLSv1.2 (IN), TLS handshake, Server key exchange (12):
* TLSv1.2 (IN), TLS handshake, Server finished (14):
* TLSv1.2 (OUT), TLS handshake, Client key exchange (16):
* TLSv1.2 (OUT), TLS change cipher, Change cipher spec (1):
* TLSv1.2 (OUT), TLS handshake, Finished (20):
* TLSv1.2 (IN), TLS handshake, Finished (20):
* SSL connection using TLSv1.2 / ECDHE-RSA-AES256-GCM-SHA384 / x25519 / RSASSA-PSS
* ALPN: server accepted http/1.1
* Server certificate:
*  subject: CN=*.payler.com
*  start date: Apr 29 00:00:00 2025 GMT
*  expire date: Apr 28 23:59:59 2026 GMT
*  subjectAltName: host "secure.payler.com" matched cert's "*.payler.com"
*  issuer: C=US; O=DigiCert Inc; OU=www.digicert.com; CN=Thawte TLS RSA CA G1
*  SSL certificate verify ok.
*   Certificate level 0: Public key type RSA (4096/152 Bits/secBits), signed using sha256WithRSAEncryption
*   Certificate level 1: Public key type RSA (2048/112 Bits/secBits), signed using sha256WithRSAEncryption
*   Certificate level 2: Public key type RSA (2048/112 Bits/secBits), signed using sha256WithRSAEncryption
* Established connection to secure.payler.com (178.248.236.144 port 443) from 147.45.213.8 port 42158
* using HTTP/1.x
> GET / HTTP/1.1
> Host: secure.payler.com
> User-Agent: curl/8.16.0
> Accept: */*
>
* Request completely sent off
< HTTP/1.1 403 Forbidden
< Server: nginx
< Date: Tue, 28 Oct 2025 20:21:29 GMT
< Content-Type: text/html
< Content-Length: 146
< Connection: keep-alive
< Vary: Accept-Encoding
< Strict-Transport-Security: max-age=31536000;
<
<html>
<head><title>403 Forbidden</title></head>
<body>
<center><h1>403 Forbidden</h1></center>
<hr><center>nginx</center>
</body>
</html>
* Connection #0 to host secure.payler.com:443 left intact
[root@archlinux bunyod-tour]# # –ü—Ä–æ–≤–µ—Ä—å—Ç–µ —Ñ–∞–π—Ä–≤–æ–ª
sudo iptables -L -n

# –ü—Ä–æ–≤–µ—Ä—å—Ç–µ, —Ä–∞–±–æ—Ç–∞–µ—Ç –ª–∏ DNS –ø–æ—Ä—Ç (53)
sudo netstat -tulpn | grep :53
iptables v1.8.11 (legacy): can't initialize iptables table `filter': Table does not exist (do you need to insmod?)
Perhaps iptables or your kernel needs to be upgraded.
sudo: netstat: command not found
[root@archlinux bunyod-tour]# # –ü–æ–∏—Å–∫ –ª–æ–≥–æ–≤ Alif
pm2 logs --lines 1000 | grep -i "alif"

# –ò–ª–∏ –ø—Ä–æ–≤–µ—Ä—å—Ç–µ –≤ —Ñ–∞–π–ª–∞—Ö
grep -i "alif" ~/.pm2/logs/*.log | tail -50
0|bunyod-t | 2025-10-28T22:17:39: üîÑ Creating AlifPay Legacy payment: Order 23, Amount 12 TJS
0|bunyod-t | 2025-10-28T22:20:23: üîÑ AlifPay Legacy callback received: { orderId: '23', status: 'ok', transactionId: '101704657' }
^C
/root/.pm2/logs/bunyod-tour-error.log:  - ALIF_MERCHANT_KEY
/root/.pm2/logs/bunyod-tour-error.log:  - ALIF_MERCHANT_PASSWORD
/root/.pm2/logs/bunyod-tour-error.log:  - ALIF_MERCHANT_KEY
/root/.pm2/logs/bunyod-tour-error.log:  - ALIF_MERCHANT_PASSWORD
/root/.pm2/logs/bunyod-tour-error.log:  - ALIF_MERCHANT_KEY
/root/.pm2/logs/bunyod-tour-error.log:  - ALIF_MERCHANT_PASSWORD
/root/.pm2/logs/bunyod-tour-error.log:  - ALIF_MERCHANT_KEY
/root/.pm2/logs/bunyod-tour-error.log:  - ALIF_MERCHANT_PASSWORD
/root/.pm2/logs/bunyod-tour-error.log:2025-10-10T15:33:47:   - ALIF_MERCHANT_KEY
/root/.pm2/logs/bunyod-tour-error.log:2025-10-10T15:33:47:   - ALIF_MERCHANT_PASSWORD
/root/.pm2/logs/bunyod-tour-error.log:2025-10-10T21:31:20:   - ALIF_MERCHANT_KEY
/root/.pm2/logs/bunyod-tour-error.log:2025-10-10T21:31:20:   - ALIF_MERCHANT_PASSWORD
/root/.pm2/logs/bunyod-tour-error.log:2025-10-10T23:50:36:   - ALIF_MERCHANT_KEY
/root/.pm2/logs/bunyod-tour-error.log:2025-10-10T23:50:36:   - ALIF_MERCHANT_PASSWORD
/root/.pm2/logs/bunyod-tour-error.log:2025-10-10T23:56:44:   - ALIF_MERCHANT_KEY
/root/.pm2/logs/bunyod-tour-error.log:2025-10-10T23:56:44:   - ALIF_MERCHANT_PASSWORD
/root/.pm2/logs/bunyod-tour-error.log:2025-10-10T23:59:05:   - ALIF_MERCHANT_KEY
/root/.pm2/logs/bunyod-tour-error.log:2025-10-10T23:59:05:   - ALIF_MERCHANT_PASSWORD
/root/.pm2/logs/bunyod-tour-error.log:2025-10-11T00:33:25:   - ALIF_MERCHANT_KEY
/root/.pm2/logs/bunyod-tour-error.log:2025-10-11T00:33:25:   - ALIF_MERCHANT_PASSWORD
/root/.pm2/logs/bunyod-tour-error.log:2025-10-11T00:39:52:   - ALIF_MERCHANT_KEY
/root/.pm2/logs/bunyod-tour-error.log:2025-10-11T00:39:52:   - ALIF_MERCHANT_PASSWORD
/root/.pm2/logs/bunyod-tour-error.log:2025-10-11T13:04:36:   - ALIF_MERCHANT_KEY
/root/.pm2/logs/bunyod-tour-error.log:2025-10-11T13:04:36:   - ALIF_MERCHANT_PASSWORD
/root/.pm2/logs/bunyod-tour-error.log:  - ALIF_MERCHANT_KEY
/root/.pm2/logs/bunyod-tour-error.log:  - ALIF_MERCHANT_PASSWORD
/root/.pm2/logs/bunyod-tour-error.log:  - ALIF_MERCHANT_KEY
/root/.pm2/logs/bunyod-tour-error.log:  - ALIF_MERCHANT_PASSWORD
/root/.pm2/logs/bunyod-tour-error.log:  - ALIF_MERCHANT_KEY
/root/.pm2/logs/bunyod-tour-error.log:  - ALIF_MERCHANT_PASSWORD
/root/.pm2/logs/bunyod-tour-error.log:  - ALIF_MERCHANT_KEY
/root/.pm2/logs/bunyod-tour-error.log:  - ALIF_MERCHANT_PASSWORD
/root/.pm2/logs/bunyod-tour-error.log:  - ALIF_MERCHANT_KEY
/root/.pm2/logs/bunyod-tour-error.log:  - ALIF_MERCHANT_PASSWORD
/root/.pm2/logs/bunyod-tour-error.log:  - ALIF_MERCHANT_KEY
/root/.pm2/logs/bunyod-tour-error.log:  - ALIF_MERCHANT_PASSWORD
/root/.pm2/logs/bunyod-tour-error.log:  - ALIF_MERCHANT_KEY
/root/.pm2/logs/bunyod-tour-error.log:  - ALIF_MERCHANT_PASSWORD
/root/.pm2/logs/bunyod-tour-error.log:  - ALIF_MERCHANT_KEY
/root/.pm2/logs/bunyod-tour-error.log:  - ALIF_MERCHANT_PASSWORD
/root/.pm2/logs/bunyod-tour-error.log:  - ALIF_MERCHANT_KEY
/root/.pm2/logs/bunyod-tour-error.log:  - ALIF_MERCHANT_PASSWORD
/root/.pm2/logs/bunyod-tour-error.log:  - ALIF_MERCHANT_KEY
/root/.pm2/logs/bunyod-tour-error.log:  - ALIF_MERCHANT_PASSWORD
/root/.pm2/logs/bunyod-tour-error.log:  - ALIF_MERCHANT_KEY
/root/.pm2/logs/bunyod-tour-error.log:  - ALIF_MERCHANT_PASSWORD
/root/.pm2/logs/bunyod-tour-error.log:  - ALIF_MERCHANT_KEY
/root/.pm2/logs/bunyod-tour-error.log:  - ALIF_MERCHANT_PASSWORD
/root/.pm2/logs/bunyod-tour-error.log:  - ALIF_MERCHANT_KEY
/root/.pm2/logs/bunyod-tour-error.log:  - ALIF_MERCHANT_PASSWORD
[root@archlinux bunyod-tour]#
