root@147.45.213.8's password:
[root@archlinux ~]# cd /srv/bunyod-tour
[root@archlinux bunyod-tour]# npx prisma generate
Environment variables loaded from .env
Prisma schema loaded from prisma/schema.prisma

âœ” Generated Prisma Client (v6.15.0) to ./node_modules/@prisma/client in 690ms

Start by importing your Prisma Client (See: https://pris.ly/d/importing-client)

Tip: Want to turn off tips and other hints? https://pris.ly/tip-4-nohints

[root@archlinux bunyod-tour]# pm2 restart bunyod-tour
Use --update-env to update environment variables
[PM2] Applying action restartProcessId on app [bunyod-tour](ids: [ 0 ])
[PM2] [bunyod-tour](0) âœ“
â”Œâ”€â”€â”€â”€â”¬â”€â”€â”€â”€â”€â”€â”€â”€â”€â”€â”€â”€â”€â”€â”€â”€â”€â”€â”€â”€â”¬â”€â”€â”€â”€â”€â”€â”€â”€â”€â”€â”¬â”€â”€â”€â”€â”€â”€â”¬â”€â”€â”€â”€â”€â”€â”€â”€â”€â”€â”€â”¬â”€â”€â”€â”€â”€â”€â”€â”€â”€â”€â”¬â”€â”€â”€â”€â”€â”€â”€â”€â”€â”€â”
â”‚ id â”‚ name               â”‚ mode     â”‚ â†º    â”‚ status    â”‚ cpu      â”‚ memory   â”‚
â”œâ”€â”€â”€â”€â”¼â”€â”€â”€â”€â”€â”€â”€â”€â”€â”€â”€â”€â”€â”€â”€â”€â”€â”€â”€â”€â”¼â”€â”€â”€â”€â”€â”€â”€â”€â”€â”€â”¼â”€â”€â”€â”€â”€â”€â”¼â”€â”€â”€â”€â”€â”€â”€â”€â”€â”€â”€â”¼â”€â”€â”€â”€â”€â”€â”€â”€â”€â”€â”¼â”€â”€â”€â”€â”€â”€â”€â”€â”€â”€â”¤
â”‚ 0  â”‚ bunyod-tour        â”‚ fork     â”‚ 93   â”‚ online    â”‚ 0%       â”‚ 6.5mb    â”‚
â””â”€â”€â”€â”€â”´â”€â”€â”€â”€â”€â”€â”€â”€â”€â”€â”€â”€â”€â”€â”€â”€â”€â”€â”€â”€â”´â”€â”€â”€â”€â”€â”€â”€â”€â”€â”€â”´â”€â”€â”€â”€â”€â”€â”´â”€â”€â”€â”€â”€â”€â”€â”€â”€â”€â”€â”´â”€â”€â”€â”€â”€â”€â”€â”€â”€â”€â”´â”€â”€â”€â”€â”€â”€â”€â”€â”€â”€â”˜
[root@archlinux bunyod-tour]# pm2 logs bunyod-tour --lines 30
[TAILING] Tailing last 30 lines for [bunyod-tour] process (change the value with --lines option)
/srv/bunyod-tour/logs/pm2-error.log last 30 lines:
0|bunyod-t | 2025-11-23T16:08:31:   clientVersion: '6.15.0'
0|bunyod-t | 2025-11-23T16:08:31: }
0|bunyod-t | 2025-11-23T16:08:36: Global error handler: PrismaClientKnownRequestError:
0|bunyod-t | 2025-11-23T16:08:36: Invalid `prisma.order.findMany()` invocation:
0|bunyod-t | 2025-11-23T16:08:36:
0|bunyod-t | 2025-11-23T16:08:36:
0|bunyod-t | 2025-11-23T16:08:36: The column `orders.transfer_request_id` does not exist in the current database.
0|bunyod-t | 2025-11-23T16:08:36:     at ei.handleRequestError (/srv/bunyod-tour/node_modules/@prisma/client/runtime/library.js:121:7283)
0|bunyod-t | 2025-11-23T16:08:36:     at ei.handleAndLogRequestError (/srv/bunyod-tour/node_modules/@prisma/client/runtime/library.js:121:6608)
0|bunyod-t | 2025-11-23T16:08:36:     at ei.request (/srv/bunyod-tour/node_modules/@prisma/client/runtime/library.js:121:6315)
0|bunyod-t | 2025-11-23T16:08:36:     at async a (/srv/bunyod-tour/node_modules/@prisma/client/runtime/library.js:130:9551)
0|bunyod-t | 2025-11-23T16:08:36:     at async getDashboardStats (/srv/bunyod-tour/dist/controllers/adminController.js:189:35) {
0|bunyod-t | 2025-11-23T16:08:36:   code: 'P2022',
0|bunyod-t | 2025-11-23T16:08:36:   meta: { modelName: 'Order', column: 'orders.transfer_request_id' },
0|bunyod-t | 2025-11-23T16:08:36:   clientVersion: '6.15.0'
0|bunyod-t | 2025-11-23T16:08:36: }
0|bunyod-t | 2025-11-23T16:20:14: Global error handler: PrismaClientKnownRequestError:
0|bunyod-t | 2025-11-23T16:20:14: Invalid `prisma.order.findMany()` invocation:
0|bunyod-t | 2025-11-23T16:20:14:
0|bunyod-t | 2025-11-23T16:20:14:
0|bunyod-t | 2025-11-23T16:20:14: The column `orders.transfer_request_id` does not exist in the current database.
0|bunyod-t | 2025-11-23T16:20:14:     at ei.handleRequestError (/srv/bunyod-tour/node_modules/@prisma/client/runtime/library.js:121:7283)
0|bunyod-t | 2025-11-23T16:20:14:     at ei.handleAndLogRequestError (/srv/bunyod-tour/node_modules/@prisma/client/runtime/library.js:121:6608)
0|bunyod-t | 2025-11-23T16:20:14:     at ei.request (/srv/bunyod-tour/node_modules/@prisma/client/runtime/library.js:121:6315)
0|bunyod-t | 2025-11-23T16:20:14:     at async a (/srv/bunyod-tour/node_modules/@prisma/client/runtime/library.js:130:9551)
0|bunyod-t | 2025-11-23T16:20:14:     at async getDashboardStats (/srv/bunyod-tour/dist/controllers/adminController.js:189:35) {
0|bunyod-t | 2025-11-23T16:20:14:   code: 'P2022',
0|bunyod-t | 2025-11-23T16:20:14:   meta: { modelName: 'Order', column: 'orders.transfer_request_id' },
0|bunyod-t | 2025-11-23T16:20:14:   clientVersion: '6.15.0'
0|bunyod-t | 2025-11-23T16:20:14: }

/srv/bunyod-tour/logs/pm2-out.log last 30 lines:
0|bunyod-t | 2025-11-23T20:35:21: ğŸ  Request URL: /
0|bunyod-t | 2025-11-23T20:35:21: ğŸ  Request path: /
0|bunyod-t | 2025-11-23T20:37:21: [dotenv@17.2.3] injecting env (29) from .env -- tip: ğŸ‘¥ sync secrets across teammates & machines: https://dotenvx.com/ops
0|bunyod-t | 2025-11-23T20:37:21: ğŸ­ PRODUCTION MODE: Using pre-compiled JavaScript from dist/
0|bunyod-t | 2025-11-23T20:37:21:
0|bunyod-t | 2025-11-23T20:37:21: ğŸ” ĞŸÑ€Ğ¾Ğ²ĞµÑ€ĞºĞ° Ğ¿ĞµÑ€ĞµĞ¼ĞµĞ½Ğ½Ñ‹Ñ… Ğ¾ĞºÑ€ÑƒĞ¶ĞµĞ½Ğ¸Ñ...
0|bunyod-t | 2025-11-23T20:37:21:
0|bunyod-t | 2025-11-23T20:37:21: âœ… Ğ’ÑĞµ Ğ¾Ğ±ÑĞ·Ğ°Ñ‚ĞµĞ»ÑŒĞ½Ñ‹Ğµ Ğ¿ĞµÑ€ĞµĞ¼ĞµĞ½Ğ½Ñ‹Ğµ Ğ¾ĞºÑ€ÑƒĞ¶ĞµĞ½Ğ¸Ñ ÑƒÑÑ‚Ğ°Ğ½Ğ¾Ğ²Ğ»ĞµĞ½Ñ‹
0|bunyod-t | 2025-11-23T20:37:21: âœ… Ğ—Ğ½Ğ°Ñ‡ĞµĞ½Ğ¸Ñ Ğ¿ĞµÑ€ĞµĞ¼ĞµĞ½Ğ½Ñ‹Ñ… Ğ¾ĞºÑ€ÑƒĞ¶ĞµĞ½Ğ¸Ñ Ğ²Ğ°Ğ»Ğ¸Ğ´Ğ½Ñ‹
0|bunyod-t | 2025-11-23T20:37:21: ğŸ“ ĞĞµ Ğ½Ğ°ÑÑ‚Ñ€Ğ¾ĞµĞ½Ğ½Ñ‹Ğµ ÑĞµÑ€Ğ²Ğ¸ÑÑ‹: STRIPE_SECRET_KEY, PAYME_MERCHANT_ID, CLICK_MERCHANT_ID
0|bunyod-t | 2025-11-23T20:37:21:
0|bunyod-t | 2025-11-23T20:37:21: âœ… Ğ’Ğ°Ğ»Ğ¸Ğ´Ğ°Ñ†Ğ¸Ñ Ğ¾ĞºÑ€ÑƒĞ¶ĞµĞ½Ğ¸Ñ Ğ·Ğ°Ğ²ĞµÑ€ÑˆĞµĞ½Ğ° ÑƒÑĞ¿ĞµÑˆĞ½Ğ¾
0|bunyod-t | 2025-11-23T20:37:21:
0|bunyod-t | 2025-11-23T20:37:22: âœ… Backend API routes loaded successfully (compiled)
0|bunyod-t | 2025-11-23T20:37:22: ğŸ—„ï¸ ĞŸĞ¾Ğ´ĞºĞ»ÑÑ‡ĞµĞ½Ğ¸Ğµ Ğº PostgreSQL Ñ‡ĞµÑ€ĞµĞ· Prisma...
0|bunyod-t | 2025-11-23T20:37:22: ğŸ”§ ĞŸÑ€Ğ¸Ğ¼ĞµĞ½ĞµĞ½Ğ¸Ğµ ÑÑ…ĞµĞ¼Ñ‹ Ğ±Ğ°Ğ·Ñ‹ Ğ´Ğ°Ğ½Ğ½Ñ‹Ñ…...
0|bunyod-t | 2025-11-23T20:37:22: ğŸ­ PRODUCTION: ĞŸÑ€Ğ¾Ğ¿ÑƒÑĞºĞ°ĞµĞ¼ migrate deploy Ğ½Ğ° ÑÑ‚Ğ°Ñ€Ñ‚Ğµ (RUN_MIGRATIONS_ON_BOOT!=true)
0|bunyod-t | 2025-11-23T20:37:22: ğŸ’¡ ĞœĞ¸Ğ³Ñ€Ğ°Ñ†Ğ¸Ğ¸ Ğ²Ñ‹Ğ¿Ğ¾Ğ»Ğ½ÑÑÑ‚ÑÑ Ñ‡ĞµÑ€ĞµĞ· ./update.sh Ğ¿Ñ€Ğ¸ Ğ¾Ğ±Ğ½Ğ¾Ğ²Ğ»ĞµĞ½Ğ¸Ğ¸
0|bunyod-t | 2025-11-23T20:37:22: ğŸ­ PRODUCTION: ĞŸÑ€Ğ¾Ğ¿ÑƒÑĞºĞ°ĞµĞ¼ seed Ğ½Ğ° ÑÑ‚Ğ°Ñ€Ñ‚Ğµ (RUN_SEED_ON_BOOT!=true)
0|bunyod-t | 2025-11-23T20:37:22: ğŸ’¡ Ğ¡Ğ¸Ğ´ Ğ²Ñ‹Ğ¿Ğ¾Ğ»Ğ½ÑĞµÑ‚ÑÑ Ñ‡ĞµÑ€ĞµĞ· ./update.sh Ğ¿Ñ€Ğ¸ Ğ¾Ğ±Ğ½Ğ¾Ğ²Ğ»ĞµĞ½Ğ¸Ğ¸
0|bunyod-t | 2025-11-23T20:37:22: âœ… Ğ‘Ğ°Ğ·Ğ° Ğ´Ğ°Ğ½Ğ½Ñ‹Ñ… Ğ³Ğ¾Ñ‚Ğ¾Ğ²Ğ° Ğº Ñ€Ğ°Ğ±Ğ¾Ñ‚Ğµ!
0|bunyod-t | 2025-11-23T20:37:22: Starting backend API server...
0|bunyod-t | 2025-11-23T20:37:22: ğŸš€ Unified server running on port 5000
0|bunyod-t | 2025-11-23T20:37:22: ğŸ“± Frontend: http://0.0.0.0:5000
0|bunyod-t | 2025-11-23T20:37:22: ğŸ”§ Admin: http://0.0.0.0:5000/admin-dashboard.html
0|bunyod-t | 2025-11-23T20:37:22: ğŸŒ API: http://0.0.0.0:5000/api
0|bunyod-t | 2025-11-23T20:37:22: ğŸ—„ï¸  Ğ‘Ğ°Ğ·Ğ° Ğ´Ğ°Ğ½Ğ½Ñ‹Ñ…: PostgreSQL Ñ‡ĞµÑ€ĞµĞ· Prisma
0|bunyod-t | 2025-11-23T20:37:24: ğŸ§® Ğ˜Ğ½Ğ¸Ñ†Ğ¸Ğ°Ğ»Ğ¸Ğ·Ğ°Ñ†Ğ¸Ñ ĞºĞ¾Ğ¼Ğ¿Ğ¾Ğ½ĞµĞ½Ñ‚Ğ¾Ğ² ĞºĞ°Ğ»ÑŒĞºÑƒĞ»ÑÑ‚Ğ¾Ñ€Ğ° Ñ†ĞµĞ½...
0|bunyod-t | 2025-11-23T20:37:24: ğŸ“Š Ğ˜Ğ½Ğ¸Ñ†Ğ¸Ğ°Ğ»Ğ¸Ğ·Ğ°Ñ†Ğ¸Ñ ĞºĞ¾Ğ¼Ğ¿Ğ¾Ğ½ĞµĞ½Ñ‚Ğ¾Ğ²: ÑĞ¾Ğ·Ğ´Ğ°Ğ½Ğ¾ 0, Ğ¿Ñ€Ğ¾Ğ¿ÑƒÑ‰ĞµĞ½Ğ¾ 21 (ÑƒĞ¶Ğµ ÑÑƒÑ‰ĞµÑÑ‚Ğ²ÑƒÑÑ‚)
0|bunyod-t | 2025-11-23T20:37:24: âœ… Ğ˜Ğ½Ğ¸Ñ†Ğ¸Ğ°Ğ»Ğ¸Ğ·Ğ¸Ñ€Ğ¾Ğ²Ğ°Ğ½Ğ¾ 21 ĞºĞ¾Ğ¼Ğ¿Ğ¾Ğ½ĞµĞ½Ñ‚Ğ¾Ğ² Ğ¿Ğ¾ ÑƒĞ¼Ğ¾Ğ»Ñ‡Ğ°Ğ½Ğ¸Ñ

^C
[root@archlinux bunyod-tour]# pm2 logs bunyod-tour --lines 20 | grep -i error
/srv/bunyod-tour/logs/pm2-error.log last 20 lines:
0|bunyod-t | 2025-11-23T16:20:14: Global error handler: PrismaClientKnownRequestError:
0|bunyod-t | 2025-11-23T16:20:14:     at ei.handleRequestError (/srv/bunyod-tour/node_modules/@prisma/client/runtime/library.js:121:7283)
0|bunyod-t | 2025-11-23T16:20:14:     at ei.handleAndLogRequestError (/srv/bunyod-tour/node_modules/@prisma/client/runtime/library.js:121:6608)
